// Jest Snapshot v1, https://goo.gl/fbAQLP

exports[`Tooltip should not render tooltip without hoveredCountry 1`] = `<div />`;
